// Jest Snapshot v1, https://goo.gl/fbAQLP

exports[`SearchBox renders correctly 1`] = `
<div
  style={
    Object {
      "borderBottom": "1px solid rgb(158, 155, 155)",
      "height": "40px",
      "width": "100%",
    }
  }
>
  <input
    data-testid="search-box-input"
    name="search"
    onChange={[Function]}
    placeholder="Search by name, email or role"
    style={
      Object {
        "backgroundColor": "transparent",
        "border": "none",
        "boxSizing": "border-box",
        "height": "40px",
        "outline": "none",
        "padding": "10px",
        "width": "100%",
      }
    }
    value=""
  />
</div>
`;
